

Mon Mar 24 14:26:03 2025
Command line: TestDisk

TestDisk 7.1, Data Recovery Utility, July 2019
Christophe GRENIER <grenier@cgsecurity.org>
https://www.cgsecurity.org
OS: Linux, kernel 5.15.0-1075-gcp (#84~20.04.1-Ubuntu SMP Thu Jan 16 20:44:47 UTC 2025) x86_64
Compiler: GCC 9.2
ext2fs lib: 1.45.5, ntfs lib: libntfs-3g, reiserfs lib: none, ewf lib: none, curses lib: ncurses 6.1
Warning: can't get size for Disk /dev/mapper/control - 0 B - 0 sectors, sector size=512
Warning: can't get size for Disk /dev/loop6 - 0 B - 0 sectors (RO), sector size=512
Hard disk list
Disk /dev/sda - 32 GB / 30 GiB - CHS 30720 64 32, sector size=512 - Google PersistentDisk
Disk /dev/loop0 - 66 MB / 63 MiB - 130448 sectors (RO), sector size=512
Disk /dev/loop1 - 66 MB / 63 MiB - 130552 sectors (RO), sector size=512
Disk /dev/loop2 - 96 MB / 91 MiB - 188192 sectors (RO), sector size=512
Disk /dev/loop3 - 429 MB / 409 MiB - 838344 sectors (RO), sector size=512
Disk /dev/loop4 - 96 MB / 91 MiB - 188176 sectors (RO), sector size=512
Disk /dev/loop5 - 46 MB / 44 MiB - 91008 sectors (RO), sector size=512
Disk /dev/loop7 - 46 MB / 44 MiB - 91024 sectors (RO), sector size=512
Disk /dev/loop8 - 428 MB / 409 MiB - 837776 sectors (RO), sector size=512


TestDisk exited normally.
